../Core/Src/LCD_Driver.c:51:6:LCD_GPIO_Init	56	static
../Core/Src/LCD_Driver.c:135:6:LTCD_Layer_Init	72	static
../Core/Src/LCD_Driver.c:162:6:clearScreen	8	static
../Core/Src/LCD_Driver.c:167:6:LTCD__Init	8	static
../Core/Src/LCD_Driver.c:226:6:LCD_Draw_Pixel	16	static
../Core/Src/LCD_Driver.c:248:6:LCD_Draw_Circle_Fill	32	static
../Core/Src/LCD_Driver.c:262:6:LCD_Draw_Vertical_Line	32	static
../Core/Src/LCD_Driver.c:270:6:LCD_Clear	24	static
../Core/Src/LCD_Driver.c:281:6:LCD_SetTextColor	16	static
../Core/Src/LCD_Driver.c:287:6:LCD_SetFont	16	static
../Core/Src/LCD_Driver.c:293:6:LCD_Draw_Char	24	static
../Core/Src/LCD_Driver.c:313:6:LCD_DisplayChar	16	static
../Core/Src/LCD_Driver.c:319:6:gameplayScreen	16	static
../Core/Src/LCD_Driver.c:385:6:moveCoin	16	static
../Core/Src/LCD_Driver.c:458:6:drawBallonBoard	16	static
../Core/Src/LCD_Driver.c:474:6:dropBallAI	32	static
../Core/Src/LCD_Driver.c:510:6:dropBallPlayer	24	static
../Core/Src/LCD_Driver.c:544:5:checkWin	24	static
../Core/Src/LCD_Driver.c:583:5:checkTie	16	static
../Core/Src/LCD_Driver.c:601:6:displayWinScreen	112	static
../Core/Src/LCD_Driver.c:775:6:displayTieScreen	24	static
../Core/Src/LCD_Driver.c:824:6:clearGameBoard	16	static
../Core/Src/LCD_Driver.c:833:6:visualDemo	8	static
../Core/Src/LCD_Driver.c:879:6:player1Mode	4	static
../Core/Src/LCD_Driver.c:894:6:LCD_Error_Handler	4	static,ignoring_inline_asm
../Core/Src/LCD_Driver.c:909:6:InitializeLCDTouch	8	static
../Core/Src/LCD_Driver.c:917:18:returnTouchStateAndLocation	16	static
../Core/Src/LCD_Driver.c:922:6:DetermineTouchPosition	16	static
../Core/Src/LCD_Driver.c:927:9:ReadRegisterFromTouchModule	16	static
../Core/Src/LCD_Driver.c:932:6:WriteDataToTouchModule	16	static
