../Core/Src/LCD_Driver.c:32:6:rng_init	8	static
../Core/Src/LCD_Driver.c:50:6:LCD_GPIO_Init	56	static
../Core/Src/LCD_Driver.c:134:6:LTCD_Layer_Init	72	static
../Core/Src/LCD_Driver.c:161:6:clearScreen	8	static
../Core/Src/LCD_Driver.c:166:6:LTCD__Init	8	static
../Core/Src/LCD_Driver.c:225:6:LCD_Draw_Pixel	16	static
../Core/Src/LCD_Driver.c:247:6:LCD_Draw_Circle_Fill	32	static
../Core/Src/LCD_Driver.c:261:6:LCD_Draw_Vertical_Line	32	static
../Core/Src/LCD_Driver.c:269:6:LCD_Clear	24	static
../Core/Src/LCD_Driver.c:280:6:LCD_SetTextColor	16	static
../Core/Src/LCD_Driver.c:286:6:LCD_SetFont	16	static
../Core/Src/LCD_Driver.c:292:6:LCD_Draw_Char	24	static
../Core/Src/LCD_Driver.c:312:6:LCD_DisplayChar	16	static
../Core/Src/LCD_Driver.c:318:6:gameplayScreen	16	static
../Core/Src/LCD_Driver.c:384:6:moveCoin	16	static
../Core/Src/LCD_Driver.c:457:6:drawBallonBoard	16	static
../Core/Src/LCD_Driver.c:473:6:dropBallAI	24	static
../Core/Src/LCD_Driver.c:503:6:dropBallPlayer	24	static
../Core/Src/LCD_Driver.c:530:5:checkWin	24	static
../Core/Src/LCD_Driver.c:561:6:displayWinScreen	48	static
../Core/Src/LCD_Driver.c:674:6:clearGameBoard	16	static
../Core/Src/LCD_Driver.c:683:6:visualDemo	8	static
../Core/Src/LCD_Driver.c:729:6:player1Mode	4	static
../Core/Src/LCD_Driver.c:744:6:LCD_Error_Handler	4	static,ignoring_inline_asm
../Core/Src/LCD_Driver.c:759:6:InitializeLCDTouch	8	static
../Core/Src/LCD_Driver.c:767:18:returnTouchStateAndLocation	16	static
../Core/Src/LCD_Driver.c:772:6:DetermineTouchPosition	16	static
../Core/Src/LCD_Driver.c:777:9:ReadRegisterFromTouchModule	16	static
../Core/Src/LCD_Driver.c:782:6:WriteDataToTouchModule	16	static
